
> my-portfolio@1.0.0 test
> react-scripts test --watchAll=false

PASS src/App.test.js
  √ renders App component without crashing (17 ms)

Test Suites: 1 passed, 1 total
Tests:       1 passed, 1 total
Snapshots:   0 total
Time:        3.192 s
Ran all test suites.
